apiVersion: v1
kind: Service
metadata:
  annotations:
    objectset.rio.cattle.io/id: -test
  labels:
    app: guestbook
    objectset.rio.cattle.io/hash: c0fae66aeeea5c9703d7410307d74609c272103d
    tier: frontend
  name: frontend
  namespace: fleet-mc-helm-external-example
spec:
  ports:
  - port: 80
  selector:
    app: guestbook
    tier: frontend
  type: LoadBalancer

---
apiVersion: v1
kind: Service
metadata:
  annotations:
    objectset.rio.cattle.io/id: -test
  labels:
    app: redis
    objectset.rio.cattle.io/hash: c0fae66aeeea5c9703d7410307d74609c272103d
    role: leader
    tier: backend
  name: redis-leader
  namespace: fleet-mc-helm-external-example
spec:
  ports:
  - port: 6379
    targetPort: 6379
  selector:
    app: redis
    role: leader
    tier: backend

---
apiVersion: v1
kind: Service
metadata:
  annotations:
    objectset.rio.cattle.io/id: -test
  labels:
    app: redis
    objectset.rio.cattle.io/hash: c0fae66aeeea5c9703d7410307d74609c272103d
    role: follower
    tier: backend
  name: redis-follower
  namespace: fleet-mc-helm-external-example
spec:
  ports:
  - port: 6379
  selector:
    app: redis
    role: follower
    tier: backend

---
apiVersion: apps/v1
kind: Deployment
metadata:
  annotations:
    objectset.rio.cattle.io/id: -test
  labels:
    objectset.rio.cattle.io/hash: c0fae66aeeea5c9703d7410307d74609c272103d
  name: frontend
  namespace: fleet-mc-helm-external-example
spec:
  replicas: 3
  selector:
    matchLabels:
      app: guestbook
      tier: frontend
  template:
    metadata:
      labels:
        app: guestbook
        tier: frontend
    spec:
      containers:
      - image: us-docker.pkg.dev/google-samples/containers/gke/gb-frontend:v5
        name: php-redis
        ports:
        - containerPort: 80
        resources:
          requests:
            cpu: 100m
            memory: 100Mi

---
apiVersion: apps/v1
kind: Deployment
metadata:
  annotations:
    objectset.rio.cattle.io/id: -test
  labels:
    objectset.rio.cattle.io/hash: c0fae66aeeea5c9703d7410307d74609c272103d
  name: redis-leader
  namespace: fleet-mc-helm-external-example
spec:
  replicas: 1
  selector:
    matchLabels:
      app: redis
      role: leader
      tier: backend
  template:
    metadata:
      labels:
        app: redis
        role: leader
        tier: backend
    spec:
      containers:
      - image: redis
        name: leader
        ports:
        - containerPort: 6379
        resources:
          requests:
            cpu: 100m
            memory: 100Mi

---
apiVersion: apps/v1
kind: Deployment
metadata:
  annotations:
    objectset.rio.cattle.io/id: -test
  labels:
    objectset.rio.cattle.io/hash: c0fae66aeeea5c9703d7410307d74609c272103d
  name: redis-follower
  namespace: fleet-mc-helm-external-example
spec:
  replicas: 2
  selector:
    matchLabels:
      app: redis
      role: follower
      tier: backend
  template:
    metadata:
      labels:
        app: redis
        role: follower
        tier: backend
    spec:
      containers:
      - image: us-docker.pkg.dev/google-samples/containers/gke/gb-redis-follower:v2
        name: follower
        ports:
        - containerPort: 6379
        resources:
          requests:
            cpu: 100m
            memory: 100Mi
